Exam2 data and r code/goodbelly.csv
Date,Region,Store,Units.Sold,Average.Retail.Price,Sales.Rep,Endcap,Demo,Demo1.3,Demo4.5,Natural,Fitness
5/4/2010,NE,White Plains,120.5189929,4.161428571,0,0,0,0,1,1,1
5/11/2010,NE,White Plains,199.315991,4.128571429,0,0,0,0,1,1,1
5/18/2010,NE,White Plains,265.2078074,3.881428571,0,0,0,0,0,1,1
5/25/2010,NE,White Plains,292.620088,3.881428571,1,0,0,0,0,1,1
6/1/2010,NE,White Plains,296.4292752,3.881428571,1,0,0,0,0,1,1
6/8/2010,NE,White Plains,349.2964976,4.125714286,1,0,1,0,0,1,1
6/15/2010,NE,White Plains,284.1236147,4.161428571,1,0,0,1,0,1,1
6/22/2010,NE,White Plains,302.0268244,4.161428571,1,0,0,1,0,1,1
6/29/2010,NE,White Plains,262.657036,4.161428571,1,0,0,1,0,1,1
7/6/2010,NE,White Plains,377.1394765,3.826666667,1,0,0,0,1,1,1
7/13/2010,NE,White Plains,327.8666915,3.518571429,1,0,0,0,1,1,1
5/4/2010,PN,Bellevue,178.2967059,4.836153846,1,0,0,0,0,1,2
5/11/2010,PN,Bellevue,198.50634,4.216666667,1,0,0,0,0,1,2
5/18/2010,PN,Bellevue,329.4543495,4.10875,1,0,0,0,0,1,2
5/25/2010,PN,Bellevue,241.5137053,4.10875,1,0,0,0,0,1,2
6/1/2010,PN,Bellevue,180.8267885,4.10875,1,0,0,0,0,1,2
6/8/2010,PN,Bellevue,226.0958666,4.563333333,1,0,0,0,0,1,2
6/15/2010,PN,Bellevue,257.0299673,4.318571429,1,0,0,0,0,1,2
6/22/2010,PN,Bellevue,751.9271319,4.073333333,1,1,1,0,0,1,2
6/29/2010,PN,Bellevue,789.0918703,3.394,1,1,0,1,0,1,2
7/6/2010,PN,Bellevue,831.144896,3.526875,1,1,0,1,0,1,2
7/13/2010,PN,Bellevue,725.7300701,2.889285714,1,1,0,1,0,1,2
5/4/2010,PN,Bend,222.5226397,4.6775,1,0,0,0,0,0,2
5/11/2010,PN,Bend,242.0328069,4.204285714,1,0,0,0,0,0,2
5/18/2010,PN,Bend,222.5722413,4.2025,1,0,0,0,0,0,2
5/25/2010,PN,Bend,240.3047999,3.578888889,1,0,0,0,0,0,2
6/1/2010,PN,Bend,297.3226069,4.045555556,1,0,0,0,0,0,2
6/8/2010,PN,Bend,214.8118782,4.467777778,1,0,0,0,0,0,2
6/15/2010,PN,Bend,224.8050966,3.701111111,1,0,0,0,0,0,2
6/22/2010,PN,Bend,242.0916627,3.89,1,0,0,0,0,0,2
6/29/2010,PN,Bend,221.6397663,3.758181818,1,0,0,0,0,0,2
7/6/2010,PN,Bend,269.9951777,2.995384615,1,0,0,0,0,0,2
7/13/2010,PN,Bend,320.5851253,2.995384615,1,0,0,0,0,0,2
5/4/2010,PN,Bridgeport,248.6813585,4.573333333,1,0,0,0,0,1,0
5/11/2010,PN,Bridgeport,240.5030592,4.262727273,1,0,0,0,0,1,0
5/18/2010,PN,Bridgeport,278.5546318,4.171818182,1,0,0,0,0,1,0
5/25/2010,PN,Bridgeport,204.6524045,4.198333333,1,0,0,0,0,1,0
6/1/2010,PN,Bridgeport,266.2843547,4.171818182,1,0,0,0,0,1,0
6/8/2010,PN,Bridgeport,175.165358,4.197142857,1,0,0,0,0,1,0
6/15/2010,PN,Bridgeport,280.7123996,3.947142857,1,0,0,0,0,1,0
6/22/2010,PN,Bridgeport,712.7245451,3.182307692,1,1,0,0,0,1,0
6/29/2010,PN,Bridgeport,648.3832487,3.59,1,1,0,0,0,1,0
7/6/2010,PN,Bridgeport,776.2939057,3.315,1,1,0,0,0,1,0
7/13/2010,PN,Bridgeport,737.209163,3.030714286,1,1,0,0,0,1,0
5/4/2010,PN,Fremont,198.7120002,4.59,1,0,0,0,0,2,4
5/11/2010,PN,Fremont,254.849693,4.6775,1,0,0,0,0,2,4
5/18/2010,PN,Fremont,343.5724704,4.2025,1,0,0,0,0,2,4
5/25/2010,PN,Fremont,291.4199813,4.512222222,1,0,0,0,0,2,4
6/1/2010,PN,Fremont,269.0771547,4.2025,1,0,0,0,0,2,4
6/8/2010,PN,Fremont,219.2467251,4.6775,1,0,0,0,0,2,4
6/15/2010,PN,Fremont,325.6134268,4.162727273,1,0,0,0,0,2,4
6/22/2010,PN,Fremont,296.142856,4.667777778,1,0,0,0,0,2,4
6/29/2010,PN,Fremont,260.0377745,3.78,1,0,0,0,0,2,4
7/6/2010,PN,Fremont,159.4744735,3.911666667,1,0,0,0,0,2,4
7/13/2010,PN,Fremont,283.4931507,3.540909091,1,0,0,0,0,2,4
5/4/2010,PN,Mill Plain,340.7244338,4.59,1,0,0,1,0,1,0
5/11/2010,PN,Mill Plain,276.8823536,4.899090909,1,0,0,0,1,1,0
5/18/2010,PN,Mill Plain,469.6665028,4.399090909,1,0,0,0,1,1,0
5/25/2010,PN,Mill Plain,207.851919,4.054285714,1,0,0,0,0,1,0
6/1/2010,PN,Mill Plain,247.3354523,4.054285714,1,0,0,0,0,1,0
6/8/2010,PN,Mill Plain,233.3518879,4.447142857,1,0,0,0,0,1,0
6/15/2010,PN,Mill Plain,247.0040933,4.174615385,1,0,0,0,0,1,0
6/22/2010,PN,Mill Plain,424.7044432,4.447142857,1,0,1,0,0,1,0
6/29/2010,PN,Mill Plain,310.5828647,4.197142857,1,0,0,1,0,1,0
7/6/2010,PN,Mill Plain,347.1168644,3.303076923,1,0,0,1,0,1,0
7/13/2010,PN,Mill Plain,331.3311171,3.637857143,1,0,0,1,0,1,0
5/4/2010,PN,Redmond,219.4842044,4.216666667,1,0,0,0,0,2,3
5/11/2010,PN,Redmond,218.5544314,4.216666667,1,0,0,0,0,2,3
5/18/2010,PN,Redmond,214.9234231,4.09,1,0,0,0,0,2,3
5/25/2010,PN,Redmond,221.3261074,3.79,1,0,0,0,0,2,3
6/1/2010,PN,Redmond,195.6817754,3.697142857,1,0,0,0,0,2,3
6/8/2010,PN,Redmond,218.6769308,4.216666667,1,0,0,0,0,2,3
6/15/2010,PN,Redmond,652.7564418,3.729333333,1,1,0,0,0,2,3
6/22/2010,PN,Redmond,891.0829415,3.594,1,1,1,0,0,2,3
6/29/2010,PN,Redmond,926.0925642,3.268571429,1,1,1,1,0,2,3
7/6/2010,PN,Redmond,787.3333969,3.364666667,1,1,0,1,0,2,3
7/13/2010,PN,Redmond,784.7921193,3.364666667,1,1,0,1,0,2,3
5/4/2010,PN,Roosevelt Square,304.4715796,4.523333333,1,0,0,0,1,3,2
5/11/2010,PN,Roosevelt Square,300.7271195,4.49,1,0,0,0,1,3,2
5/18/2010,PN,Roosevelt Square,222.5322953,4.413076923,1,0,0,0,0,3,2
5/25/2010,PN,Roosevelt Square,189.401626,4.413076923,1,0,0,0,0,3,2
6/1/2010,PN,Roosevelt Square,207.1845553,4.196666667,1,0,0,0,0,3,2
6/8/2010,PN,Roosevelt Square,273.1840676,4.4525,1,0,0,0,0,3,2
6/15/2010,PN,Roosevelt Square,130.9100807,4.4525,1,0,0,0,0,3,2
6/22/2010,PN,Roosevelt Square,824.6369684,4.343125,1,1,1,0,0,3,2
6/29/2010,PN,Roosevelt Square,885.8067046,3.7275,1,1,1,1,0,3,2
7/6/2010,PN,Roosevelt Square,703.0022742,3.713125,1,1,0,1,0,3,2
7/13/2010,PN,Roosevelt Square,772.2077926,3.713125,1,1,0,1,0,3,2
5/4/2010,PN,Tanasbourne,242.7965168,4.573333333,1,0,0,0,0,0,0
5/11/2010,PN,Tanasbourne,176.1363259,4.216666667,1,0,0,0,0,0,0
5/18/2010,PN,Tanasbourne,200.1705101,4.196666667,1,0,0,0,0,0,0
5/25/2010,PN,Tanasbourne,214.1298906,4.083333333,1,0,0,0,0,0,0
6/1/2010,PN,Tanasbourne,298.7739157,4.151538462,1,0,0,0,0,0,0
6/8/2010,PN,Tanasbourne,231.3304401,4.318571429,1,0,0,0,0,0,0
6/15/2010,PN,Tanasbourne,220.2857002,4.174615385,1,0,0,0,0,0,0
6/22/2010,PN,Tanasbourne,173.379717,4.318571429,1,0,0,0,0,0,0
6/29/2010,PN,Tanasbourne,240.3010514,4.197142857,1,0,0,0,0,0,0
7/6/2010,PN,Tanasbourne,194.6995113,3.303076923,1,0,0,0,0,0,0
7/13/2010,PN,Tanasbourne,295.7966175,3.648461538,1,0,0,0,0,0,0
5/4/2010,PN,Westlake,273.2740458,4.216666667,1,0,0,0,0,1,0
5/11/2010,PN,Westlake,228.231998,4.45,1,0,0,0,0,1,0
5/18/2010,PN,Westlake,266.4031208,4.10875,1,0,0,0,0,1,0
5/25/2010,PN,Westlake,288.415271,4.083333333,1,0,0,0,0,1,0
6/1/2010,PN,Westlake,286.6364209,4.083333333,1,0,0,0,0,1,0
6/8/2010,PN,Westlake,258.3053226,4.4525,1,0,0,0,0,1,0
6/15/2010,PN,Westlake,200.3638766,4.197142857,1,0,0,0,0,1,0
6/22/2010,PN,Westlake,247.3135152,4.4525,1,0,1,0,0,1,0
6/29/2010,PN,Westlake,365.7747187,3.947142857,1,0,1,1,0,1,0
7/6/2010,PN,Westlake,314.1579333,3.637857143,1,0,0,1,0,1,0
7/13/2010,PN,Westlake,339.1918064,3.963125,1,0,0,1,0,1,0
5/4/2010,RM,Academy,270.7489,4.29,1,0,0,0,0,1,2
5/11/2010,RM,Academy,314.5058244,4.29,1,0,1,0,0,1,2
5/18/2010,RM,Academy,390.6069792,4.085833333,1,0,0,1,0,1,2
5/25/2010,RM,Academy,249.8623798,4.085833333,1,0,0,1,0,1,2
6/1/2010,RM,Academy,222.0338943,4.793125,1,0,0,1,0,1,2
6/8/2010,RM,Academy,276.3581971,4.147142857,1,0,0,0,1,1,2
6/15/2010,RM,Academy,294.8631814,4.147142857,1,0,0,0,1,1,2
6/22/2010,RM,Academy,383.4558071,4.05,1,0,1,0,0,1,2
6/29/2010,RM,Academy,300.2942446,4.05,1,0,0,1,0,1,2
7/6/2010,RM,Academy,296.7431221,4.581333333,1,0,0,1,0,1,2
7/13/2010,RM,Academy,429.7977657,3.556923077,1,0,0,1,0,1,2
5/4/2010,RM,Belmar,297.217085,4.29,1,0,0,0,0,2,2
5/11/2010,RM,Belmar,268.4055667,4.29,1,0,0,0,0,2,2
5/18/2010,RM,Belmar,206.0279885,4.085833333,1,0,0,0,0,2,2
5/25/2010,RM,Belmar,201.9673415,4.085833333,1,0,0,0,0,2,2
6/1/2010,RM,Belmar,239.7269746,3.84,1,0,0,0,0,2,2
6/8/2010,RM,Belmar,171.3928186,4.259230769,1,0,0,0,0,2,2
6/15/2010,RM,Belmar,172.7455945,4.99,1,0,0,0,0,2,2
6/22/2010,RM,Belmar,379.2041274,3.768571429,1,0,1,0,0,2,2
6/29/2010,RM,Belmar,346.1493803,4.7025,1,0,0,1,0,2,2
7/6/2010,RM,Belmar,371.4853015,3.587857143,1,0,0,1,0,2,2
7/13/2010,RM,Belmar,302.6070852,3.845,1,0,0,1,0,2,2
5/4/2010,RM,Cerrillos (aka Santa Fe),145.7833608,5.39,1,0,0,0,0,1,1
5/11/2010,RM,Cerrillos (aka Santa Fe),309.0527625,5.018571429,1,0,0,0,0,1,1
5/18/2010,RM,Cerrillos (aka Santa Fe),154.5978808,5.215,1,0,0,0,0,1,1
5/25/2010,RM,Cerrillos (aka Santa Fe),247.7256456,4.881666667,1,0,0,0,0,1,1
6/1/2010,RM,Cerrillos (aka Santa Fe),227.9923633,3.966666667,1,0,0,0,0,1,1
6/8/2010,RM,Cerrillos (aka Santa Fe),226.5964968,3.997692308,1,0,0,0,0,1,1
6/15/2010,RM,Cerrillos (aka Santa Fe),233.3152108,4.895882353,1,0,0,0,0,1,1
6/22/2010,RM,Cerrillos (aka Santa Fe),215.2072262,4.9275,1,0,0,0,0,1,1
6/29/2010,RM,Cerrillos (aka Santa Fe),233.4145412,4.316666667,1,0,0,0,0,1,1
7/6/2010,RM,Cerrillos (aka Santa Fe),297.1176923,4.121333333,1,0,0,0,0,1,1
7/13/2010,RM,Cerrillos (aka Santa Fe),258.4623088,4.680666667,1,0,0,0,0,1,1
5/4/2010,RM,Fort Collins,336.2213322,4.317272727,1,0,0,0,1,2,4
5/11/2010,RM,Fort Collins,364.174539,4.523333333,1,0,0,0,1,2,4
5/18/2010,RM,Fort Collins,291.1947988,4.946923077,1,0,1,0,0,2,4
5/25/2010,RM,Fort Collins,279.6296425,4.693846154,1,0,0,1,0,2,4
6/1/2010,RM,Fort Collins,328.5646451,4.843571429,1,0,0,1,0,2,4
6/8/2010,RM,Fort Collins,329.4023282,4.7025,1,0,0,1,0,2,4
6/15/2010,RM,Fort Collins,211.3729347,4.895882353,1,0,0,0,1,2,4
6/22/2010,RM,Fort Collins,428.3501605,4.025714286,1,0,1,0,1,2,4
6/29/2010,RM,Fort Collins,412.7917844,4.836666667,1,0,1,1,0,2,4
7/6/2010,RM,Fort Collins,328.221083,4.247333333,1,0,0,1,0,2,4
7/13/2010,RM,Fort Collins,269.8339893,4.544375,1,0,0,1,0,2,4
5/4/2010,RM,Highlands Ranch,286.1382919,4.062727273,1,0,0,0,0,0,3
5/11/2010,RM,Highlands Ranch,100.0997608,4.723333333,1,0,0,0,0,0,3
5/18/2010,RM,Highlands Ranch,202.2117778,4.094545455,1,0,0,0,0,0,3
5/25/2010,RM,Highlands Ranch,277.0518435,4.058181818,1,0,1,0,0,0,3
6/1/2010,RM,Highlands Ranch,432.8902526,3.84,1,0,1,1,0,0,3
6/8/2010,RM,Highlands Ranch,427.7926261,5.166923077,1,0,1,1,0,0,3
6/15/2010,RM,Highlands Ranch,241.0467439,4.05,1,0,0,1,0,0,3
6/22/2010,RM,Highlands Ranch,556.5500417,3.851538462,1,0,1,1,1,0,3
6/29/2010,RM,Highlands Ranch,309.9996663,3.851538462,1,0,0,1,1,0,3
7/6/2010,RM,Highlands Ranch,409.7356779,4.444285714,1,0,0,1,1,0,3
7/13/2010,RM,Highlands Ranch,347.3582579,4.314666667,1,0,0,1,1,0,3
5/4/2010,RM,Metcalf,305.0494445,4.39,1,0,0,0,0,1,0
5/11/2010,RM,Metcalf,219.6553522,4.34,1,0,0,0,0,1,0
5/18/2010,RM,Metcalf,239.0531673,4.095,1,0,0,0,0,1,0
5/25/2010,RM,Metcalf,249.1404755,3.814,1,0,0,0,0,1,0
6/1/2010,RM,Metcalf,263.4753117,3.814,1,0,0,0,0,1,0
6/8/2010,RM,Metcalf,666.7293515,3.326,1,1,0,0,0,1,0
6/15/2010,RM,Metcalf,711.8649399,3.198666667,1,1,0,0,0,1,0
6/22/2010,RM,Metcalf,328.157804,4.366666667,1,0,0,0,0,1,0
6/29/2010,RM,Metcalf,144.5952204,3.979090909,1,0,0,0,0,1,0
7/6/2010,RM,Metcalf,266.1295672,4.956153846,1,0,0,0,0,1,0
7/13/2010,RM,Metcalf,277.1874677,3.813636364,1,0,0,0,0,1,0
5/4/2010,RM,Pearl,153.9777997,5.018571429,1,0,0,0,0,1,2
5/11/2010,RM,Pearl,232.9148621,5.018571429,1,0,0,0,0,1,2
5/18/2010,RM,Pearl,308.276752,4.463529412,1,0,1,0,0,1,2
5/25/2010,RM,Pearl,272.2057008,5.010588235,1,0,0,1,0,1,2
6/1/2010,RM,Pearl,355.8712457,4.881666667,1,0,0,1,0,1,2
6/8/2010,RM,Pearl,337.1757631,4.832941176,1,0,0,1,0,1,2
6/15/2010,RM,Pearl,361.361552,5.230555556,1,0,1,0,1,1,2
6/22/2010,RM,Pearl,1041.200256,4.083529412,1,1,1,1,1,1,2
6/29/2010,RM,Pearl,753.3879872,4.083529412,1,1,0,1,0,1,2
7/6/2010,RM,Pearl,192.0775977,4.747058824,1,0,0,1,0,1,2
7/13/2010,RM,Pearl,390.6428764,4.148,1,0,0,1,1,1,2
5/4/2010,RM,Pike's Peak,256.2915491,4.499090909,1,0,0,0,0,2,4
5/11/2010,RM,Pike's Peak,184.6793167,5.483333333,1,0,0,0,0,2,4
5/18/2010,RM,Pike's Peak,259.9528676,4.293846154,1,0,0,0,0,2,4
5/25/2010,RM,Pike's Peak,325.8419191,4.058181818,1,0,0,0,0,2,4
6/1/2010,RM,Pike's Peak,291.7726894,4.025,1,0,0,0,0,2,4
6/8/2010,RM,Pike's Peak,126.7189449,6.251538462,1,0,0,0,0,2,4
6/15/2010,RM,Pike's Peak,206.7015335,5.671818182,1,0,0,0,0,2,4
6/22/2010,RM,Pike's Peak,201.9848923,5.666923077,1,0,0,0,0,2,4
6/29/2010,RM,Pike's Peak,303.1977757,3.851538462,1,0,0,0,0,2,4
7/6/2010,RM,Pike's Peak,342.4580283,4.138125,1,0,0,0,0,2,4
7/13/2010,RM,Pike's Peak,189.9242866,4.138125,1,0,0,0,0,2,4
5/4/2010,RM,Superior,192.1469362,4.49,1,0,0,0,0,1,4
5/11/2010,RM,Superior,166.4431242,4.49,1,0,0,0,0,1,4
5/18/2010,RM,Superior,235.7819112,4.163076923,1,0,0,0,0,1,4
5/25/2010,RM,Superior,284.6750146,4.057857143,1,0,0,0,0,1,4
6/1/2010,RM,Superior,214.0750487,3.966666667,1,0,0,0,0,1,4
6/8/2010,RM,Superior,183.7726311,5.443846154,1,0,0,0,0,1,4
6/15/2010,RM,Superior,289.2864213,4.29,1,0,0,0,0,1,4
6/22/2010,RM,Superior,397.1485814,4.29625,1,0,1,0,0,1,4
6/29/2010,RM,Superior,300.0467307,4.403333333,1,0,0,1,0,1,4
7/6/2010,RM,Superior,256.1843862,3.881333333,1,0,0,1,0,1,4
7/13/2010,RM,Superior,318.578289,4.138125,1,0,0,1,0,1,4
5/4/2010,RM,Tamarac,281.7651541,4.062727273,1,0,0,0,0,1,2
5/11/2010,RM,Tamarac,348.4667467,3.851538462,1,0,1,0,0,1,2
5/18/2010,RM,Tamarac,378.7191479,3.593571429,1,0,0,1,0,1,2
5/25/2010,RM,Tamarac,360.3041565,4.643125,1,0,0,1,0,1,2
6/1/2010,RM,Tamarac,342.7633553,4.773333333,1,0,0,1,0,1,2
6/8/2010,RM,Tamarac,360.5946499,5.454285714,1,0,0,0,1,1,2
6/15/2010,RM,Tamarac,283.6937635,4.483333333,1,0,0,0,1,1,2
6/22/2010,RM,Tamarac,248.0364411,4.759230769,1,0,0,0,0,1,2
6/29/2010,RM,Tamarac,378.9675755,3.768571429,1,0,1,0,0,1,2
7/6/2010,RM,Tamarac,270.2068727,4.950625,1,0,0,1,0,1,2
7/13/2010,RM,Tamarac,305.5005689,4.486666667,1,0,0,1,0,1,2
5/4/2010,SO,Alpharetta (aka Alpharetta Harry's),194.9434358,4.047142857,0,0,0,0,0,2,3
5/11/2010,SO,Alpharetta (aka Alpharetta Harry's),130.5952907,3.64,0,0,0,0,0,2,3
5/18/2010,SO,Alpharetta (aka Alpharetta Harry's),232.0223217,3.765,0,0,0,0,0,2,3
5/25/2010,SO,Alpharetta (aka Alpharetta Harry's),212.9553176,3.55,0,0,0,0,0,2,3
6/1/2010,SO,Alpharetta (aka Alpharetta Harry's),162.3405292,3.534444444,0,0,0,0,0,2,3
6/8/2010,SO,Alpharetta (aka Alpharetta Harry's),196.1859158,3.861428571,0,0,0,0,0,2,3
6/15/2010,SO,Alpharetta (aka Alpharetta Harry's),189.9702217,3.64,0,0,0,0,0,2,3
6/22/2010,SO,Alpharetta (aka Alpharetta Harry's),218.3732528,3.845555556,0,0,0,0,0,2,3
6/29/2010,SO,Alpharetta (aka Alpharetta Harry's),116.2538935,4.0275,0,0,0,0,0,2,3
7/6/2010,SO,Alpharetta (aka Alpharetta Harry's),244.4144613,3.625555556,0,0,0,0,0,2,3
7/13/2010,SO,Alpharetta (aka Alpharetta Harry's),259.7984535,3.7875,0,0,0,0,0,2,3
5/4/2010,SO,Cobb (aka Cobb Harry's),87.77358444,4.047142857,0,0,0,0,0,0,4
5/11/2010,SO,Cobb (aka Cobb Harry's),245.9335243,3.715,0,0,0,0,0,0,4
5/18/2010,SO,Cobb (aka Cobb Harry's),210.6833819,3.55,0,0,0,0,0,0,4
5/25/2010,SO,Cobb (aka Cobb Harry's),178.4884674,3.456666667,0,0,0,0,0,0,4
6/1/2010,SO,Cobb (aka Cobb Harry's),167.6050265,3.645555556,0,0,0,0,0,0,4
6/8/2010,SO,Cobb (aka Cobb Harry's),198.3574886,3.64,0,0,0,0,0,0,4
6/15/2010,SO,Cobb (aka Cobb Harry's),238.0936148,3.944545455,0,0,0,0,0,0,4
6/22/2010,SO,Cobb (aka Cobb Harry's),175.3141936,3.9775,0,0,0,0,0,0,4
6/29/2010,SO,Cobb (aka Cobb Harry's),191.4071879,4.565,0,0,0,0,0,0,4
7/6/2010,SO,Cobb (aka Cobb Harry's),145.2813178,3.625555556,0,0,0,0,0,0,4
7/13/2010,SO,Cobb (aka Cobb Harry's),275.5621188,3.44,0,0,0,0,0,0,4
5/4/2010,SO,Duluth,230.1112287,3.804285714,0,0,0,0,0,1,3
5/11/2010,SO,Duluth,168.7287995,3.432857143,0,0,0,0,0,1,3
5/18/2010,SO,Duluth,245.150879,3.456666667,0,0,0,0,0,1,3
5/25/2010,SO,Duluth,228.7583767,3.456666667,0,0,0,0,0,1,3
6/1/2010,SO,Duluth,79.24358504,3.456666667,0,0,0,0,0,1,3
6/8/2010,SO,Duluth,177.1364919,3.556666667,0,0,0,0,0,1,3
6/15/2010,SO,Duluth,212.0271455,3.556666667,0,0,0,0,0,1,3
6/22/2010,SO,Duluth,189.0860293,3.664444444,0,0,0,0,0,1,3
6/29/2010,SO,Duluth,140.5762642,3.69,0,0,0,0,0,1,3
7/6/2010,SO,Duluth,167.7746122,3.44,0,0,0,0,0,1,3
7/13/2010,SO,Duluth,249.0887558,3.57875,0,0,0,0,0,1,3
5/4/2010,SO,Green Hills,184.1811936,4.07,0,0,0,0,0,0,5
5/11/2010,SO,Green Hills,152.8483826,3.944545455,0,0,0,0,0,0,5
5/18/2010,SO,Green Hills,180.3436554,3.848333333,0,0,0,0,0,0,5
5/25/2010,SO,Green Hills,177.0758395,3.848333333,0,0,0,0,0,0,5
6/1/2010,SO,Green Hills,181.7423766,3.953636364,0,0,0,0,0,0,5
6/8/2010,SO,Green Hills,138.4189295,3.948333333,0,0,0,0,0,0,5
6/15/2010,SO,Green Hills,215.0055915,3.948333333,0,0,0,0,0,0,5
6/22/2010,SO,Green Hills,253.087219,4.0175,0,0,0,0,0,0,5
6/29/2010,SO,Green Hills,178.8585679,3.780909091,0,0,0,0,0,0,5
7/6/2010,SO,Green Hills,174.9881632,3.828333333,0,0,0,0,0,0,5
7/13/2010,SO,Green Hills,168.4589126,3.540909091,0,0,0,0,0,0,5
5/4/2010,SO,Mountain Brook,233.716997,3.99,0,0,0,0,0,1,1
5/11/2010,SO,Mountain Brook,149.6202612,4.04,0,0,0,0,0,1,1
5/18/2010,SO,Mountain Brook,164.8923113,3.848333333,0,0,0,0,0,1,1
5/25/2010,SO,Mountain Brook,212.5947606,3.848333333,0,0,0,0,0,1,1
6/1/2010,SO,Mountain Brook,223.9997208,3.756666667,0,0,0,0,0,1,1
6/8/2010,SO,Mountain Brook,265.7610675,3.665,0,0,0,0,0,1,1
6/15/2010,SO,Mountain Brook,157.2552266,3.6,0,0,0,0,0,1,1
6/22/2010,SO,Mountain Brook,178.6871631,4.165454545,0,0,0,0,0,1,1
6/29/2010,SO,Mountain Brook,277.6188584,5.096666667,0,0,0,0,0,1,1
7/6/2010,SO,Mountain Brook,325.6541729,3.491818182,0,0,0,0,0,1,1
7/13/2010,SO,Mountain Brook,231.0152963,3.496,0,0,0,0,0,1,1
5/4/2010,SO,Ponce de Lyon,196.7857801,4.047142857,0,0,0,0,0,2,2
5/11/2010,SO,Ponce de Lyon,146.2101817,3.743,0,0,0,0,0,2,2
5/18/2010,SO,Ponce de Lyon,139.5469623,3.642,0,0,0,0,0,2,2
5/25/2010,SO,Ponce de Lyon,72.62767696,3.55,0,0,0,0,0,2,2
6/1/2010,SO,Ponce de Lyon,234.8574271,3.55,0,0,0,0,0,2,2
6/8/2010,SO,Ponce de Lyon,236.2878958,3.745555556,0,0,0,0,0,2,2
6/15/2010,SO,Ponce de Lyon,141.778699,3.745555556,0,0,0,0,0,2,2
6/22/2010,SO,Ponce de Lyon,232.5816781,3.847777778,0,0,0,0,0,2,2
6/29/2010,SO,Ponce de Lyon,168.7548153,3.921,0,0,0,0,0,2,2
7/6/2010,SO,Ponce de Lyon,232.5123325,3.496,0,0,0,0,0,2,2
7/13/2010,SO,Ponce de Lyon,247.6113009,3.496,0,0,0,0,0,2,2
